2026-05-04 16:17:03,930 [INFO] ╔══════════════════════════════════════════════════╗
2026-05-04 16:17:03,931 [INFO] ║   Pipeline de Procesamiento CT — Batch Mode     ║
2026-05-04 16:17:03,931 [INFO] ╚══════════════════════════════════════════════════╝
2026-05-04 16:17:03,931 [INFO]   Fuente : /home/fernanda_lizcano/covid_classifier/data/raw
2026-05-04 16:17:03,931 [INFO]   Destino: /home/fernanda_lizcano/covid_classifier/data/processed
2026-05-04 16:17:03,931 [INFO]   Umbral de descarte: área < 10.0%

2026-05-04 16:17:03,946 [INFO] ── Clase 'covid': 1,455 imágenes encontradas ──
2026-05-04 16:17:04,794 [INFO] [DESCARTADA - área 4.2% < 10.0%] COVID-19_0228.png
2026-05-04 16:17:05,602 [INFO] [DESCARTADA - área 5.0% < 10.0%] COVID-19_0271.png
2026-05-04 16:17:06,414 [INFO] [DESCARTADA - área 5.7% < 10.0%] COVID-19_0319.png
2026-05-04 16:17:07,232 [INFO] [DESCARTADA - área 6.5% < 10.0%] COVID-19_0358.png
2026-05-04 16:17:08,074 [INFO] [DESCARTADA - área 7.3% < 10.0%] COVID-19_0408.png
2026-05-04 16:17:08,922 [INFO] [DESCARTADA - área 4.6% < 10.0%] COVID-19_0437.png
2026-05-04 16:17:09,737 [INFO] [DESCARTADA - área 8.0% < 10.0%] COVID-19_0459.png
2026-05-04 16:17:10,618 [INFO] [DESCARTADA - área 4.6% < 10.0%] COVID-19_0470.png
2026-05-04 16:17:11,483 [INFO] [DESCARTADA - área 5.3% < 10.0%] COVID-19_0489.png
2026-05-04 16:17:12,305 [INFO] [DESCARTADA - área 8.8% < 10.0%] COVID-19_0507.png
2026-05-04 16:17:13,190 [INFO] [DESCARTADA - área 5.2% < 10.0%] COVID-19_0515.png
2026-05-04 16:17:14,099 [INFO] [DESCARTADA - área 4.9% < 10.0%] COVID-19_0525.png
2026-05-04 16:17:15,067 [INFO] [DESCARTADA - área 4.5% < 10.0%] COVID-19_0526.png
2026-05-04 16:17:16,036 [INFO] [DESCARTADA - área 6.0% < 10.0%] COVID-19_0533.png
2026-05-04 16:17:16,968 [INFO] [DESCARTADA - área 5.0% < 10.0%] COVID-19_0558.png
2026-05-04 16:17:17,911 [INFO] [DESCARTADA - área 5.8% < 10.0%] COVID-19_0561.png
2026-05-04 16:17:18,843 [INFO] [DESCARTADA - área 3.6% < 10.0%] COVID-19_0577.png
2026-05-04 16:17:20,306 [INFO] [DESCARTADA - área 5.3% < 10.0%] COVID-19_0589.png
2026-05-04 16:17:21,218 [INFO] [DESCARTADA - área 9.4% < 10.0%] COVID-19_0594.png
2026-05-04 16:17:23,086 [INFO] [DESCARTADA - área 3.7% < 10.0%] COVID-19_0605.png
2026-05-04 16:17:23,975 [INFO] [DESCARTADA - área 3.2% < 10.0%] COVID-19_0607.png
2026-05-04 16:17:24,846 [INFO] [DESCARTADA - área 6.4% < 10.0%] COVID-19_0622.png
2026-05-04 16:17:25,672 [INFO] [DESCARTADA - área 4.1% < 10.0%] COVID-19_0640.png
2026-05-04 16:17:26,610 [INFO] [DESCARTADA - área 6.2% < 10.0%] COVID-19_0641.png
2026-05-04 16:17:27,536 [INFO] [DESCARTADA - área 7.5% < 10.0%] COVID-19_0658.png
2026-05-04 16:17:31,983 [INFO] [DESCARTADA - área 4.8% < 10.0%] COVID-19_0681.png
2026-05-04 16:17:32,875 [INFO] [DESCARTADA - área 6.7% < 10.0%] COVID-19_0683.png
2026-05-04 16:17:33,796 [INFO] [DESCARTADA - área 7.7% < 10.0%] COVID-19_0694.png
2026-05-04 16:17:34,662 [INFO] [DESCARTADA - área 4.9% < 10.0%] COVID-19_0700.png
2026-05-04 16:17:35,516 [INFO] [DESCARTADA - área 8.1% < 10.0%] COVID-19_0701.png
2026-05-04 16:17:36,367 [INFO] [DESCARTADA - área 6.8% < 10.0%] COVID-19_0709.png
2026-05-04 16:17:38,971 [INFO] [DESCARTADA - área 5.4% < 10.0%] COVID-19_0725.png
2026-05-04 16:17:39,834 [INFO] [DESCARTADA - área 7.1% < 10.0%] COVID-19_0729.png
2026-05-04 16:17:40,750 [INFO] [DESCARTADA - área 8.4% < 10.0%] COVID-19_0738.png
2026-05-04 16:17:41,698 [INFO] [DESCARTADA - área 4.6% < 10.0%] COVID-19_0744.png
2026-05-04 16:17:42,610 [INFO] [DESCARTADA - área 5.4% < 10.0%] COVID-19_0746.png
2026-05-04 16:17:43,482 [INFO] [DESCARTADA - área 7.3% < 10.0%] COVID-19_0752.png
2026-05-04 16:17:46,944 [INFO] [DESCARTADA - área 6.0% < 10.0%] COVID-19_0772.png
2026-05-04 16:17:47,904 [INFO] [DESCARTADA - área 8.8% < 10.0%] COVID-19_0775.png
2026-05-04 16:17:48,776 [INFO] [DESCARTADA - área 4.1% < 10.0%] COVID-19_0779.png
2026-05-04 16:17:49,652 [INFO] [DESCARTADA - área 7.6% < 10.0%] COVID-19_0784.png
2026-05-04 16:17:50,516 [INFO] [DESCARTADA - área 5.9% < 10.0%] COVID-19_0789.png
2026-05-04 16:17:51,399 [INFO] [DESCARTADA - área 9.7% < 10.0%] COVID-19_0790.png
2026-05-04 16:17:52,278 [INFO] [DESCARTADA - área 9.2% < 10.0%] COVID-19_0791.png
2026-05-04 16:17:53,635 [INFO] [DESCARTADA - área 5.2% < 10.0%] COVID-19_0792.png
2026-05-04 16:17:54,504 [INFO] [DESCARTADA - área 4.9% < 10.0%] COVID-19_0793.png
2026-05-04 16:17:55,337 [INFO] [DESCARTADA - área 6.2% < 10.0%] COVID-19_0800.png
2026-05-04 16:17:58,919 [INFO] [DESCARTADA - área 6.8% < 10.0%] COVID-19_0814.png
2026-05-04 16:17:59,769 [INFO] [DESCARTADA - área 4.6% < 10.0%] COVID-19_0822.png
2026-05-04 16:18:01,461 [INFO] [DESCARTADA - área 5.3% < 10.0%] COVID-19_0828.png
2026-05-04 16:18:02,267 [INFO] [DESCARTADA - área 6.5% < 10.0%] COVID-19_0834.png
2026-05-04 16:18:03,080 [INFO] [DESCARTADA - área 10.0% < 10.0%] COVID-19_0836.png
2026-05-04 16:18:03,939 [INFO] [DESCARTADA - área 8.4% < 10.0%] COVID-19_0842.png
2026-05-04 16:18:04,794 [INFO] [DESCARTADA - área 4.2% < 10.0%] COVID-19_0850.png
2026-05-04 16:18:08,489 [INFO] [DESCARTADA - área 7.3% < 10.0%] COVID-19_0861.png
2026-05-04 16:18:09,402 [INFO] [DESCARTADA - área 9.3% < 10.0%] COVID-19_0865.png
2026-05-04 16:18:10,253 [INFO] [DESCARTADA - área 7.7% < 10.0%] COVID-19_0866.png
2026-05-04 16:18:11,136 [INFO] [DESCARTADA - área 5.1% < 10.0%] COVID-19_0871.png
